ARM Linker, 4.1 [Build 894] [Evaluation]

==============================================================================

Section Cross References

    main.o(FLASH) refers to p1.o(FLASH) for problem1
    main.o(FLASH) refers to p1.o(SRAM) for SIZE
    startup.o(RESET) refers to startup.o(STACK) for StackMem
    startup.o(RESET) refers to main.o(FLASH) for __main
    p1.o(FLASH) refers to p1.o(SRAM) for SIZE


==============================================================================

Removing Unused input sections from the image.

    Removing startup.o(HEAP), (0 bytes).
    Removing startup.o(.text), (28 bytes).

2 unused section(s) (total 28 bytes) removed from the image.

==============================================================================

Image Symbol Table

    Local Symbols

    Symbol Name                              Value     Ov Type        Size  Object(Section)

    RESET                                    0x00000000   Section      648  startup.o(RESET)
    Startup.s                                0x00000000   Number         0  startup.o ABSOLUTE
    main.s                                   0x00000000   Number         0  main.o ABSOLUTE
    p1.s                                     0x00000000   Number         0  p1.o ABSOLUTE
    NmiSR                                    0x00000281   Thumb Code     0  startup.o(RESET)
    FaultISR                                 0x00000283   Thumb Code     0  startup.o(RESET)
    IntDefaultHandler                        0x00000285   Thumb Code     0  startup.o(RESET)
    FLASH                                    0x00000288   Section       96  main.o(FLASH)
    SRC_ASM                                  0x00000288   Data           4  main.o(FLASH)
    FLASH                                    0x000002e8   Section       72  p1.o(FLASH)
    SRAM                                     0x20000000   Section       12  p1.o(SRAM)
    STACK                                    0x20000010   Section      256  startup.o(STACK)
    StackMem                                 0x20000010   Data           0  startup.o(STACK)

    Global Symbols

    Symbol Name                              Value     Ov Type        Size  Object(Section)

    BuildAttributes$$THM_ISAv4$E$P$D$K$B$S$7EM$PE$A:L22UL41UL21$X:L11$S22US41US21$IEEE1$IW$USESV6$~STKCKD$USESV7$~SHL$OSPACE$EBA8$MICROLIB$PRES8$EABIv2 0x00000000   Number         0  anon$$obj.o ABSOLUTE
    __Vectors                                0x00000000   Data           0  startup.o(RESET)
    Reset_Handler                            0x0000026d   Thumb Code     0  startup.o(RESET)
    __main                                   0x000002c9   Thumb Code     0  main.o(FLASH)
    problem1                                 0x000002e9   Thumb Code     0  p1.o(FLASH)
    ANS                                      0x20000000   Data           4  p1.o(SRAM)
    SIZE                                     0x20000004   Data           4  p1.o(SRAM)
    SRC                                      0x20000008   Data           4  p1.o(SRAM)
    __initial_sp                             0x20000110   Data           0  startup.o(STACK)



==============================================================================

Memory Map of the image

  Image Entry point : 0x0000026d

  Load Region LR_IROM (Base: 0x00000000, Size: 0x0000033c, Max: 0x00040000, ABSOLUTE)

    Execution Region ER_IROM (Base: 0x00000000, Size: 0x00000330, Max: 0x00040000, ABSOLUTE)

    Base Addr    Size         Type   Attr      Idx    E Section Name        Object

    0x00000000   0x00000288   Code   RO            8  * RESET               startup.o
    0x00000288   0x00000060   Code   RO            1    FLASH               main.o
    0x000002e8   0x00000048   Code   RO           14    FLASH               p1.o


    Execution Region RW_IRAM (Base: 0x20000000, Size: 0x00000110, Max: 0x00010000, ABSOLUTE)

    Base Addr    Size         Type   Attr      Idx    E Section Name        Object

    0x20000000   0x0000000c   Data   RW           15    SRAM                p1.o
    0x2000000c   0x00000004   PAD
    0x20000010   0x00000100   Zero   RW            6    STACK               startup.o


==============================================================================

Image component sizes


      Code (inc. data)   RO Data    RW Data    ZI Data      Debug   Object Name

        96         76          0          0          0        192   main.o
        72         14          0         12          0        168   p1.o
       648        622          0          0        256        176   startup.o

    ----------------------------------------------------------------------
       816        712          0         12        260        536   Object Totals
         0          0          0          0          0          0   (incl. Generated)
         0          0          0          0          4          0   (incl. Padding)

    ----------------------------------------------------------------------
         0          0          0          0          0          0   Library Totals
         0          0          0          0          0          0   (incl. Padding)

    ----------------------------------------------------------------------

==============================================================================


      Code (inc. data)   RO Data    RW Data    ZI Data      Debug   

       816        712          0         12        260        536   Grand Totals
       816        712          0         12        260        536   ELF Image Totals
       816        712          0         12          0          0   ROM Totals

==============================================================================

    Total RO  Size (Code + RO Data)                  816 (   0.80kB)
    Total RW  Size (RW Data + ZI Data)               272 (   0.27kB)
    Total ROM Size (Code + RO Data + RW Data)        828 (   0.81kB)

==============================================================================

