ARM Linker, 4.1 [Build 894] [Evaluation]

==============================================================================

Section Cross References

    main.o(FLASH) refers to p2.o(FLASH) for problem2
    main.o(FLASH) refers to p2.o(SRAM) for NUM1
    p2.o(FLASH) refers to p2.o(SRAM) for NUM1
    startup.o(RESET) refers to startup.o(STACK) for StackMem
    startup.o(RESET) refers to main.o(FLASH) for __main


==============================================================================

Removing Unused input sections from the image.

    Removing startup.o(HEAP), (0 bytes).
    Removing startup.o(.text), (28 bytes).

2 unused section(s) (total 28 bytes) removed from the image.

==============================================================================

Image Symbol Table

    Local Symbols

    Symbol Name                              Value     Ov Type        Size  Object(Section)

    RESET                                    0x00000000   Section      648  startup.o(RESET)
    Startup.s                                0x00000000   Number         0  startup.o ABSOLUTE
    main.s                                   0x00000000   Number         0  main.o ABSOLUTE
    p2.s                                     0x00000000   Number         0  p2.o ABSOLUTE
    NmiSR                                    0x00000281   Thumb Code     0  startup.o(RESET)
    FaultISR                                 0x00000283   Thumb Code     0  startup.o(RESET)
    IntDefaultHandler                        0x00000285   Thumb Code     0  startup.o(RESET)
    FLASH                                    0x00000288   Section       40  main.o(FLASH)
    FLASH                                    0x000002b0   Section      116  p2.o(FLASH)
    SRAM                                     0x20000000   Section       16  p2.o(SRAM)
    CARRY                                    0x2000000c   Data           4  p2.o(SRAM)
    STACK                                    0x20000010   Section      256  startup.o(STACK)
    StackMem                                 0x20000010   Data           0  startup.o(STACK)

    Global Symbols

    Symbol Name                              Value     Ov Type        Size  Object(Section)

    BuildAttributes$$THM_ISAv4$E$P$D$K$B$S$7EM$PE$A:L22UL41UL21$X:L11$S22US41US21$IEEE1$IW$USESV6$~STKCKD$USESV7$~SHL$OSPACE$EBA8$MICROLIB$PRES8$EABIv2 0x00000000   Number         0  anon$$obj.o ABSOLUTE
    __Vectors                                0x00000000   Data           0  startup.o(RESET)
    Reset_Handler                            0x0000026d   Thumb Code     0  startup.o(RESET)
    __main                                   0x00000289   Thumb Code     0  main.o(FLASH)
    problem2                                 0x000002b1   Thumb Code     0  p2.o(FLASH)
    NUM1                                     0x20000000   Data           4  p2.o(SRAM)
    NUM2                                     0x20000004   Data           4  p2.o(SRAM)
    TOTAL                                    0x20000008   Data           4  p2.o(SRAM)
    __initial_sp                             0x20000110   Data           0  startup.o(STACK)



==============================================================================

Memory Map of the image

  Image Entry point : 0x0000026d

  Load Region LR_IROM (Base: 0x00000000, Size: 0x00000334, Max: 0x00040000, ABSOLUTE)

    Execution Region ER_IROM (Base: 0x00000000, Size: 0x00000324, Max: 0x00040000, ABSOLUTE)

    Base Addr    Size         Type   Attr      Idx    E Section Name        Object

    0x00000000   0x00000288   Code   RO           12  * RESET               startup.o
    0x00000288   0x00000028   Code   RO            1    FLASH               main.o
    0x000002b0   0x00000074   Code   RO            6    FLASH               p2.o


    Execution Region RW_IRAM (Base: 0x20000000, Size: 0x00000110, Max: 0x00010000, ABSOLUTE)

    Base Addr    Size         Type   Attr      Idx    E Section Name        Object

    0x20000000   0x00000010   Data   RW            7    SRAM                p2.o
    0x20000010   0x00000100   Zero   RW           10    STACK               startup.o


==============================================================================

Image component sizes


      Code (inc. data)   RO Data    RW Data    ZI Data      Debug   Object Name

        40         10          0          0          0        192   main.o
       116         18          0         16          0        172   p2.o
       648        622          0          0        256        176   startup.o

    ----------------------------------------------------------------------
       804        650          0         16        256        540   Object Totals
         0          0          0          0          0          0   (incl. Generated)
         0          0          0          0          0          0   (incl. Padding)

    ----------------------------------------------------------------------
         0          0          0          0          0          0   Library Totals
         0          0          0          0          0          0   (incl. Padding)

    ----------------------------------------------------------------------

==============================================================================


      Code (inc. data)   RO Data    RW Data    ZI Data      Debug   

       804        650          0         16        256        540   Grand Totals
       804        650          0         16        256        540   ELF Image Totals
       804        650          0         16          0          0   ROM Totals

==============================================================================

    Total RO  Size (Code + RO Data)                  804 (   0.79kB)
    Total RW  Size (RW Data + ZI Data)               272 (   0.27kB)
    Total ROM Size (Code + RO Data + RW Data)        820 (   0.80kB)

==============================================================================

